11579208923731619542357098500868790785326998466564056403945758400791312963993/* 9a48857a-2e5d-11e5-9284-b827eb9e62be */
